==== ResetContext 
---- It should reset to the state when vspec#hint() is called 
...
---- It should not touch new items which are set after vspec#hint() 
..

==== SaveContext 
---- It should reset to the state when :SaveContext is executed 
..
---- It should not touch new items which are set after :SaveContext 
..



**** Result ****


9 examples, 0 failures
