==== Should be false
---- It should work 
.......

==== Should be true
---- It should work 
........

==== Should with custom matcher
---- It should accept custom matcher 
..
---- It sould fail with unknown custom matcher 
.

==== s_valid_matcher_custom_p 
---- It should return true for "be" 
.
---- It should return false for other value 
...

==== vspec_customize_matcher 
---- It should succeed 
..



**** Result ****


24 examples, 0 failures
