cccccccc SSSSSSSSSSSSSSSSSSSSS
  cccccc
        ..........
  ccc
  ccccc
        ..........&
  ccc
  cc SSSSSSSSSSSSSSSSSSSSSSSSSSSSSSSSSSSS
    cccccc FFFF(V(_OOO_FFFF(SS(
    cccccc FFFF(V(_ooo_OOO_FFFF(N(
    cccccc llll_{.{SS..SSS{.{_VVVVVVVV
    cccc
    cccc
    ccccc VVVVVVVVVV
  ccc
  ccccccc SSSSSSSSSSSSSSSSSSSSS
    cc SSSSSSSSSSSSSS
    ccc
  ccc
ccc
