cccccccc SSSSSSSSSSSSSSSSSSSSS
  cccccc
    ... ..........
  ccc
  ccccc
    ... ...........
  ccc
  cc SSSSSSSSSSSSSSSSSSSSSSSSSSSSSSSSSSSS
    cccccc ....... OOO .....SS.
    cccccc ....... ooo OOO .....N.
    cccc
    cccc
  ccc
  ccccccc SSSSSSSSSSSSSSSSSSSSS
    cc SSSSSSSSSSSSSS
    ccc
  ccc
ccc
